[    2908ms] [LOG] [Fast Refresh] done in 5564ms @ webpack-internal:///(app-pages-browser)/./node_modules/next/dist/client/components/react-dev-overlay/app/hot-reloader-client.js:43
[    2917ms] [ERROR] Failed to fetch RSC payload for http://localhost:3000/. Falling back to browser navigation. TypeError: Failed to fetch
    at fetchServerResponse (webpack-internal:///(app-pages-browser)/./node_modules/next/dist/client/components/router-reducer/fetch-server-response.js:59:27)
    at fastRefreshReducerImpl (webpack-internal:///(app-pages-browser)/./node_modules/next/dist/client/components/router-reducer/reducers/fast-refresh-reducer.js:33:67)
    at clientReducer (webpack-internal:///(app-pages-browser)/./node_modules/next/dist/client/components/router-reducer/router-reducer.js:41:67)
    at Object.action (webpack-internal:///(app-pages-browser)/./node_modules/next/dist/shared/lib/router/action-queue.js:150:55)
    at runAction (webpack-internal:///(app-pages-browser)/./node_modules/next/dist/shared/lib/router/action-queue.js:56:38)
    at dispatchAction (webpack-internal:///(app-pages-browser)/./node_modules/next/dist/shared/lib/router/action-queue.js:113:9)
    at Object.dispatch (webpack-internal:///(app-pages-browser)/./node_modules/next/dist/shared/lib/router/action-queue.js:145:40)
    at eval (webpack-internal:///(app-pages-browser)/./node_modules/next/dist/client/components/use-reducer-with-devtools.js:130:21)
    at eval (webpack-internal:///(app-pages-browser)/./node_modules/next/dist/client/components/app-router.js:304:25)
    at startTransition (webpack-internal:///(app-pages-browser)/./node_modules/next/dist/compiled/react/cjs/react.development.js:2597:25)
    at Object.fastRefresh (webpack-internal:///(app-pages-browser)/./node_modules/next/dist/client/components/app-router.js:303:48)
    at eval (webpack-internal:///(app-pages-browser)/./node_modules/next/dist/client/components/react-dev-overlay/app/hot-reloader-client.js:277:28)
    at startTransition (webpack-internal:///(app-pages-browser)/./node_modules/next/dist/compiled/react/cjs/react.development.js:2597:25)
    at processMessage (webpack-internal:///(app-pages-browser)/./node_modules/next/dist/client/components/react-dev-overlay/app/hot-reloader-client.js:276:44)
    at WebSocket.handler (webpack-internal:///(app-pages-browser)/./node_modules/next/dist/client/components/react-dev-overlay/app/hot-reloader-client.js:395:17) @ webpack-internal:///(app-pages-browser)/./node_modules/next/dist/client/app-index.js:32
[    5558ms] [INFO] %cDownload the React DevTools for a better development experience: https://reactjs.org/link/react-devtools font-weight:bold @ webpack-internal:///(app-pages-browser)/./node_modules/next/dist/compiled/react-dom/cjs/react-dom.development.js:38559
[    6908ms] [ERROR] Warning: Text content did not match. Server: "%s" Client: "%s"%s 
        .page-root { overflow-x: hidden; }
        .main-nav { background-color: #FDF6F0; padding: 20px 40px; display: flex; justify-content: space-between; align-items: center; border-bottom: 1px solid #E8A598; position: sticky; top: 0; z-index: 100; }
        .nav-brand { font-size: 18px; font-weight: bold; color: #7D3B4E; letter-spacing: 2px; font-family: var(--font-playfair, &#x27;Playfair Display&#x27;, Georgia, serif); }
        .nav-right { display: flex; align-items: center; gap: 20px; position: relative; }
        .nav-links { display: flex; gap: 24px; align-items: center; flex-wrap: wrap; }
        .nav-links a { color: #2C1810; text-decoration: none; font-size: 14px; }
        .nav-toggle { display: none; background: none; border: none; cursor: pointer; padding: 6px 8px; font-size: 24px; color: #2C1810; line-height: 1; }
        .mobile-menu-close-row { display: none; }
        .mobile-menu-cta { display: none; }
        .nav-cta { background-color: #C4622D; color: white; padding: 10px 22px; border-radius: 4px; text-decoration: none; font-size: 14px; font-weight: 600; letter-spacing: 0.5px; white-space: nowrap; }
        .hero-section { position: relative; min-height: 90vh; overflow: hidden; }
        .hero-img { object-fit: cover; object-position: center top; }
        .hero-gradient { position: absolute; inset: 0; z-index: 1; pointer-events: none; background: linear-gradient(to left, rgba(253,246,240,0.93) 0%, rgba(253,246,240,0.93) 8%, rgba(253,246,240,0.73) 19%, rgba(253,246,240,0.45) 30%, rgba(253,246,240,0.19) 38%, rgba(253,246,240,0) 42%), linear-gradient(to right, rgba(253,246,240,0.91) 0%, rgba(253,246,240,0.91) 28%, rgba(253,246,240,0.65) 41%, rgba(253,246,240,0.35) 51%, rgba(253,246,240,0.10) 56.5%, rgba(253,246,240,0) 58.5%); }
        .hero-copy { position: absolute; left: 0; top: 0; bottom: 0; width: 56%; z-index: 2; display: flex; flex-direction: column; justify-content: center; padding: 80px 48px 80px 92px; }
        .hero-copy p.lead { color: #7D3B4E; font-size: 14px; letter-spacing: 7px; margin-bottom: 28px; font-weight: 700; }
        .hero-copy h1 { color: #2C1810; font-size: 76px; line-height: 0.93; margin-bottom: 32px; font-weight: normal; font-family: var(--font-playfair, &#x27;Playfair Display&#x27;, Georgia, serif); }
        .hero-copy h1 span { color: #7D3B4E; }
        .hero-copy .hero-description { color: #2C1810; font-size: 20px; line-height: 1.8; margin-bottom: 40px; }
        .hero-buttons { display: flex; gap: 20px; flex-wrap: wrap; align-items: center; }
        .button-link { display: inline-flex; align-items: center; justify-content: center; border-radius: 4px; text-decoration: none; font-size: 15px; font-weight: 700; padding: 16px 48px; }
        .button-link.secondary { background: none; color: #8B1A2A; padding: 16px 0; font-weight: 600; }
        .responsive-img { width: 100%; height: auto; display: block; }
        .content-wrapper { max-width: 1100px; width: 100%; margin: 0 auto; padding: 0 20px; box-sizing: border-box; }
        .responsive-section { padding: 80px 40px; }
        .stats-grid { display: grid; grid-template-columns: repeat(5, minmax(120px, 1fr)); gap: 40px; justify-items: center; width: 100%; }
        .stats-card { text-align: center; }
        .stats-card .stat-number { color: #E8A598; font-size: 34px; font-weight: bold; font-family: var(--font-playfair, &#x27;Playfair Display&#x27;, Georgia, serif); }
        .stats-card .stat-label { color: #FDF6F0; font-size: 12px; letter-spacing: 2px; margin-top: 4px; }
        .ticker-section { background-color: #2C1810; padding: 16px 0; overflow: hidden; white-space: nowrap; }
        .ticker-track { display: inline-flex; animation: ticker 40s linear infinite; }
        .ticker-item { display: inline-flex; align-items: center; padding: 0 8px; }
        .ticker-item .quote { color: #FDF6F0; font-style: italic; font-size: 14px; }
        .ticker-item .source { color: #E8A598; font-size: 14px; margin-left: 8px; }
        .ticker-item .separator { color: #8B1A2A; margin: 0 28px; font-size: 16px; }
        .pull-quotes-grid { display: grid; grid-template-columns: repeat(3, minmax(0, 1fr)); gap: 48px; }
        .why-grid { display: grid; grid-template-columns: repeat(3, minmax(280px, 1fr)); gap: 28px; }
        .service-grid { display: grid; grid-template-columns: repeat(auto-fit, minmax(300px, 1fr)); gap: 28px; }
        .pricing-grid { display: grid; grid-template-columns: repeat(auto-fit, minmax(300px, 1fr)); gap: 24px; }
        .press-grid { display: grid; grid-template-columns: repeat(auto-fit, minmax(180px, 1fr)); gap: 20px; }
        .testimonials-grid { display: grid; grid-template-columns: repeat(3, 1fr); gap: 24px; }
        .button-row { display: flex; gap: 16px; flex-wrap: wrap; justify-content: center; }
        .hero-columns, .two-column-stack, .flex-stack { display: flex; gap: 70px; align-items: center; flex-wrap: wrap; }
        .hero-columns &gt; *, .two-column-stack &gt; * { flex: 1 1 300px; }
        .footer-links { display: flex; gap: 24px; flex-wrap: wrap; justify-content: center; }
        .footer-grid { display: grid; grid-template-columns: repeat(4, 1fr); gap: 48px; margin-bottom: 32px; }
        .footer-col h4 { color: #D4A017; font-size: 14px; font-weight: 700; letter-spacing: 1px; margin-bottom: 16px; font-family: var(--font-playfair, &#x27;Playfair Display&#x27;, Georgia, serif); }
        .footer-col a { color: #FDF6F0; text-decoration: none; font-size: 13px; line-height: 1.9; display: block; }
        .footer-col a:hover { color: #E8A598; }
        @keyframes ticker { 0% { transform: translateX(0); } 100% { transform: translateX(-50%); } }
        @media (max-width: 767px) {
          .main-nav { padding: 16px 20px; }
          .nav-cta { display: none; }
          .nav-links { display: none; position: absolute; top: 100%; left: 0; width: 100%; background: #FDF6F0; box-shadow: 0 8px 24px rgba(44,24,16,.12); flex-direction: column; z-index: 110; border-top: 1px solid #E8A598; }
          .nav-links.open { display: flex; }
          .nav-links a { padding: 14px 24px; border-bottom: 1px solid #E8A598; color: #2C1810; font-size: 15px; }
          .nav-toggle { display: flex; align-items: center; justify-content: center; }
          .mobile-menu-close-row { display: flex; justify-content: flex-end; padding: 10px 16px; border-bottom: 1px solid #E8A598; }
          .mobile-menu-close-btn { background: none; border: none; font-size: 22px; cursor: pointer; color: #2C1810; padding: 4px 8px; line-height: 1; }
          .mobile-menu-cta { display: block; margin: 16px !important; background-color: #C4622D !important; color: white !important; text-align: center; padding: 16px !important; border-radius: 4px; text-decoration: none; font-weight: 700; font-size: 15px; border-bottom: none !important; }
          .hero-section { min-height: 82vh; }
          .hero-img { object-position: 31% top; }
          .hero-gradient { background: linear-gradient(to right, rgba(253,246,240,0.90) 0%, rgba(253,246,240,0.90) 55%, rgba(253,246,240,0.65) 68%, rgba(253,246,240,0.28) 80%, rgba(253,246,240,0) 88%); }
          .hero-copy { width: 88%; padding: 40px 20px 40px 32px; }
          .hero-copy h1 { font-size: 48px !important; line-height: 0.95 !important; }
          .hero-buttons { flex-direction: column; width: 100%; }
          .button-link { width: 100%; padding: 16px 20px; }
          .responsive-section { padding: 48px 20px; }
          .content-wrapper { padding: 0; }
          .stats-grid { grid-template-columns: repeat(2, 1fr); gap: 24px; }
          .ticker-track { animation-duration: 55s; }
          .footer-grid { grid-template-columns: 1fr; gap: 32px; }
          .pull-quotes-grid, .why-grid, .press-grid, .service-grid, .pricing-grid, .testimonials-grid { grid-template-columns: 1fr; }
          .press-grid { grid-template-columns: repeat(2, 1fr); }
          .button-row { flex-direction: column; align-items: stretch; }
          .hero-columns, .two-column-stack, .flex-stack { flex-direction: column; }
          main h1 { font-size: 36px !important; }
          main h2 { font-size: 28px !important; }
          main h3 { font-size: 20px !important; }
          main h4 { font-size: 18px !important; }
          .responsive-img { max-width: 100%; height: auto; }
        }
       
        .page-root { overflow-x: hidden; }
        .main-nav { background-color: #FDF6F0; padding: 20px 40px; display: flex; justify-content: space-between; align-items: center; border-bottom: 1px solid #E8A598; position: sticky; top: 0; z-index: 100; }
        .nav-brand { font-size: 18px; font-weight: bold; color: #7D3B4E; letter-spacing: 2px; font-family: var(--font-playfair, 'Playfair Display', Georgia, serif); }
        .nav-right { display: flex; align-items: center; gap: 20px; position: relative; }
        .nav-links { display: flex; gap: 24px; align-items: center; flex-wrap: wrap; }
        .nav-links a { color: #2C1810; text-decoration: none; font-size: 14px; }
        .nav-toggle { display: none; background: none; border: none; cursor: pointer; padding: 6px 8px; font-size: 24px; color: #2C1810; line-height: 1; }
        .mobile-menu-close-row { display: none; }
        .mobile-menu-cta { display: none; }
        .nav-cta { background-color: #C4622D; color: white; padding: 10px 22px; border-radius: 4px; text-decoration: none; font-size: 14px; font-weight: 600; letter-spacing: 0.5px; white-space: nowrap; }
        .hero-section { position: relative; min-height: 90vh; overflow: hidden; }
        .hero-img { object-fit: cover; object-position: center top; }
        .hero-gradient { position: absolute; inset: 0; z-index: 1; pointer-events: none; background: linear-gradient(to left, rgba(253,246,240,0.93) 0%, rgba(253,246,240,0.93) 8%, rgba(253,246,240,0.73) 19%, rgba(253,246,240,0.45) 30%, rgba(253,246,240,0.19) 38%, rgba(253,246,240,0) 42%), linear-gradient(to right, rgba(253,246,240,0.91) 0%, rgba(253,246,240,0.91) 28%, rgba(253,246,240,0.65) 41%, rgba(253,246,240,0.35) 51%, rgba(253,246,240,0.10) 56.5%, rgba(253,246,240,0) 58.5%); }
        .hero-copy { position: absolute; left: 0; top: 0; bottom: 0; width: 56%; z-index: 2; display: flex; flex-direction: column; justify-content: center; padding: 80px 48px 80px 92px; }
        .hero-copy p.lead { color: #7D3B4E; font-size: 14px; letter-spacing: 7px; margin-bottom: 28px; font-weight: 700; }
        .hero-copy h1 { color: #2C1810; font-size: 76px; line-height: 0.93; margin-bottom: 32px; font-weight: normal; font-family: var(--font-playfair, 'Playfair Display', Georgia, serif); }
        .hero-copy h1 span { color: #7D3B4E; }
        .hero-copy .hero-description { color: #2C1810; font-size: 20px; line-height: 1.8; margin-bottom: 40px; }
        .hero-buttons { display: flex; gap: 20px; flex-wrap: wrap; align-items: center; }
        .button-link { display: inline-flex; align-items: center; justify-content: center; border-radius: 4px; text-decoration: none; font-size: 15px; font-weight: 700; padding: 16px 48px; }
        .button-link.secondary { background: none; color: #8B1A2A; padding: 16px 0; font-weight: 600; }
        .responsive-img { width: 100%; height: auto; display: block; }
        .content-wrapper { max-width: 1100px; width: 100%; margin: 0 auto; padding: 0 20px; box-sizing: border-box; }
        .responsive-section { padding: 80px 40px; }
        .stats-grid { display: grid; grid-template-columns: repeat(5, minmax(120px, 1fr)); gap: 40px; justify-items: center; width: 100%; }
        .stats-card { text-align: center; }
        .stats-card .stat-number { color: #E8A598; font-size: 34px; font-weight: bold; font-family: var(--font-playfair, 'Playfair Display', Georgia, serif); }
        .stats-card .stat-label { color: #FDF6F0; font-size: 12px; letter-spacing: 2px; margin-top: 4px; }
        .ticker-section { background-color: #2C1810; padding: 16px 0; overflow: hidden; white-space: nowrap; }
        .ticker-track { display: inline-flex; animation: ticker 40s linear infinite; }
        .ticker-item { display: inline-flex; align-items: center; padding: 0 8px; }
        .ticker-item .quote { color: #FDF6F0; font-style: italic; font-size: 14px; }
        .ticker-item .source { color: #E8A598; font-size: 14px; margin-left: 8px; }
        .ticker-item .separator { color: #8B1A2A; margin: 0 28px; font-size: 16px; }
        .pull-quotes-grid { display: grid; grid-template-columns: repeat(3, minmax(0, 1fr)); gap: 48px; }
        .why-grid { display: grid; grid-template-columns: repeat(3, minmax(280px, 1fr)); gap: 28px; }
        .service-grid { display: grid; grid-template-columns: repeat(auto-fit, minmax(300px, 1fr)); gap: 28px; }
        .pricing-grid { display: grid; grid-template-columns: repeat(auto-fit, minmax(300px, 1fr)); gap: 24px; }
        .press-grid { display: grid; grid-template-columns: repeat(auto-fit, minmax(180px, 1fr)); gap: 20px; }
        .testimonials-grid { display: grid; grid-template-columns: repeat(3, 1fr); gap: 24px; }
        .button-row { display: flex; gap: 16px; flex-wrap: wrap; justify-content: center; }
        .hero-columns, .two-column-stack, .flex-stack { display: flex; gap: 70px; align-items: center; flex-wrap: wrap; }
        .hero-columns > *, .two-column-stack > * { flex: 1 1 300px; }
        .footer-links { display: flex; gap: 24px; flex-wrap: wrap; justify-content: center; }
        .footer-grid { display: grid; grid-template-columns: repeat(4, 1fr); gap: 48px; margin-bottom: 32px; }
        .footer-col h4 { color: #D4A017; font-size: 14px; font-weight: 700; letter-spacing: 1px; margin-bottom: 16px; font-family: var(--font-playfair, 'Playfair Display', Georgia, serif); }
        .footer-col a { color: #FDF6F0; text-decoration: none; font-size: 13px; line-height: 1.9; display: block; }
        .footer-col a:hover { color: #E8A598; }
        @keyframes ticker { 0% { transform: translateX(0); } 100% { transform: translateX(-50%); } }
        @media (max-width: 767px) {
          .main-nav { padding: 16px 20px; }
          .nav-cta { display: none; }
          .nav-links { display: none; position: absolute; top: 100%; left: 0; width: 100%; background: #FDF6F0; box-shadow: 0 8px 24px rgba(44,24,16,.12); flex-direction: column; z-index: 110; border-top: 1px solid #E8A598; }
          .nav-links.open { display: flex; }
          .nav-links a { padding: 14px 24px; border-bottom: 1px solid #E8A598; color: #2C1810; font-size: 15px; }
          .nav-toggle { display: flex; align-items: center; justify-content: center; }
          .mobile-menu-close-row { display: flex; justify-content: flex-end; padding: 10px 16px; border-bottom: 1px solid #E8A598; }
          .mobile-menu-close-btn { background: none; border: none; font-size: 22px; cursor: pointer; color: #2C1810; padding: 4px 8px; line-height: 1; }
          .mobile-menu-cta { display: block; margin: 16px !important; background-color: #C4622D !important; color: white !important; text-align: center; padding: 16px !important; border-radius: 4px; text-decoration: none; font-weight: 700; font-size: 15px; border-bottom: none !important; }
          .hero-section { min-height: 82vh; }
          .hero-img { object-position: 31% top; }
          .hero-gradient { background: linear-gradient(to right, rgba(253,246,240,0.90) 0%, rgba(253,246,240,0.90) 55%, rgba(253,246,240,0.65) 68%, rgba(253,246,240,0.28) 80%, rgba(253,246,240,0) 88%); }
          .hero-copy { width: 88%; padding: 40px 20px 40px 32px; }
          .hero-copy h1 { font-size: 48px !important; line-height: 0.95 !important; }
          .hero-buttons { flex-direction: column; width: 100%; }
          .button-link { width: 100%; padding: 16px 20px; }
          .responsive-section { padding: 48px 20px; }
          .content-wrapper { padding: 0; }
          .stats-grid { grid-template-columns: repeat(2, 1fr); gap: 24px; }
          .ticker-track { animation-duration: 55s; }
          .footer-grid { grid-template-columns: 1fr; gap: 32px; }
          .pull-quotes-grid, .why-grid, .press-grid, .service-grid, .pricing-grid, .testimonials-grid { grid-template-columns: 1fr; }
          .press-grid { grid-template-columns: repeat(2, 1fr); }
          .button-row { flex-direction: column; align-items: stretch; }
          .hero-columns, .two-column-stack, .flex-stack { flex-direction: column; }
          main h1 { font-size: 36px !important; }
          main h2 { font-size: 28px !important; }
          main h3 { font-size: 20px !important; }
          main h4 { font-size: 18px !important; }
          .responsive-img { max-width: 100%; height: auto; }
        }
       
    at style
    at main
    at Home (webpack-internal:///(app-pages-browser)/./app/page.tsx:19:96)
    at ClientPageRoot (webpack-internal:///(app-pages-browser)/./node_modules/next/dist/client/components/client-page.js:14:11)
    at InnerLayoutRouter (webpack-internal:///(app-pages-browser)/./node_modules/next/dist/client/components/layout-router.js:243:11)
    at RedirectErrorBoundary (webpack-internal:///(app-pages-browser)/./node_modules/next/dist/client/components/redirect-boundary.js:74:9)
    at RedirectBoundary (webpack-internal:///(app-pages-browser)/./node_modules/next/dist/client/components/redirect-boundary.js:82:11)
    at NotFoundErrorBoundary (webpack-internal:///(app-pages-browser)/./node_modules/next/dist/client/components/not-found-boundary.js:76:9)
    at NotFoundBoundary (webpack-internal:///(app-pages-browser)/./node_modules/next/dist/client/components/not-found-boundary.js:84:11)
    at LoadingBoundary (webpack-internal:///(app-pages-browser)/./node_modules/next/dist/client/components/layout-router.js:349:11)
    at ErrorBoundary (webpack-internal:///(app-pages-browser)/./node_modules/next/dist/client/components/error-boundary.js:160:11)
    at InnerScrollAndFocusHandler (webpack-internal:///(app-pages-browser)/./node_modules/next/dist/client/components/layout-router.js:153:9)
    at ScrollAndFocusHandler (webpack-internal:///(app-pages-browser)/./node_modules/next/dist/client/components/layout-router.js:228:11)
    at RenderFromTemplateContext (webpack-internal:///(app-pages-browser)/./node_modules/next/dist/client/components/render-from-template-context.js:16:44)
    at OuterLayoutRouter (webpack-internal:///(app-pages-browser)/./node_modules/next/dist/client/components/layout-router.js:370:11)
    at body
    at html
    at RootLayout (Server)
    at RedirectErrorBoundary (webpack-internal:///(app-pages-browser)/./node_modules/next/dist/client/components/redirect-boundary.js:74:9)
    at RedirectBoundary (webpack-internal:///(app-pages-browser)/./node_modules/next/dist/client/components/redirect-boundary.js:82:11)
    at NotFoundErrorBoundary (webpack-internal:///(app-pages-browser)/./node_modules/next/dist/client/components/not-found-boundary.js:76:9)
    at NotFoundBoundary (webpack-internal:///(app-pages-browser)/./node_modules/next/dist/client/components/not-found-boundary.js:84:11)
    at DevRootNotFoundBoundary (webpack-internal:///(app-pages-browser)/./node_modules/next/dist/client/components/dev-root-not-found-boundary.js:33:11)
    at ReactDevOverlay (webpack-internal:///(app-pages-browser)/./node_modules/next/dist/client/components/react-dev-overlay/app/ReactDevOverlay.js:87:9)
    at HotReload (webpack-internal:///(app-pages-browser)/./node_modules/next/dist/client/components/react-dev-overlay/app/hot-reloader-client.js:321:11)
    at Router (webpack-internal:///(app-pages-browser)/./node_modules/next/dist/client/components/app-router.js:207:11)
    at ErrorBoundaryHandler (webpack-internal:///(app-pages-browser)/./node_modules/next/dist/client/components/error-boundary.js:113:9)
    at ErrorBoundary (webpack-internal:///(app-pages-browser)/./node_modules/next/dist/client/components/error-boundary.js:160:11)
    at AppRouter (webpack-internal:///(app-pages-browser)/./node_modules/next/dist/client/components/app-router.js:585:13)
    at ServerRoot (webpack-internal:///(app-pages-browser)/./node_modules/next/dist/client/app-index.js:112:27)
    at Root (webpack-internal:///(app-pages-browser)/./node_modules/next/dist/client/app-index.js:117:11) @ webpack-internal:///(app-pages-browser)/./node_modules/next/dist/client/app-index.js:32
[    6942ms] [ERROR] Warning: An error occurred during hydration. The server HTML was replaced with client content in <%s>. #document @ webpack-internal:///(app-pages-browser)/./node_modules/next/dist/client/app-index.js:32
[    7960ms] Error: Text content does not match server-rendered HTML.
See more info here: https://nextjs.org/docs/messages/react-hydration-error
    at checkForUnmatchedText (webpack-internal:///(app-pages-browser)/./node_modules/next/dist/compiled/react-dom/cjs/react-dom.development.js:32797:11)
    at diffHydratedProperties (webpack-internal:///(app-pages-browser)/./node_modules/next/dist/compiled/react-dom/cjs/react-dom.development.js:35055:9)
    at hydrateInstance (webpack-internal:///(app-pages-browser)/./node_modules/next/dist/compiled/react-dom/cjs/react-dom.development.js:36127:3)
    at prepareToHydrateHostInstance (webpack-internal:///(app-pages-browser)/./node_modules/next/dist/compiled/react-dom/cjs/react-dom.development.js:7246:3)
    at completeWork (webpack-internal:///(app-pages-browser)/./node_modules/next/dist/compiled/react-dom/cjs/react-dom.development.js:19769:13)
    at completeUnitOfWork (webpack-internal:///(app-pages-browser)/./node_modules/next/dist/compiled/react-dom/cjs/react-dom.development.js:25963:14)
    at performUnitOfWork (webpack-internal:///(app-pages-browser)/./node_modules/next/dist/compiled/react-dom/cjs/react-dom.development.js:25759:5)
    at workLoopConcurrent (webpack-internal:///(app-pages-browser)/./node_modules/next/dist/compiled/react-dom/cjs/react-dom.development.js:25734:5)
    at renderRootConcurrent (webpack-internal:///(app-pages-browser)/./node_modules/next/dist/compiled/react-dom/cjs/react-dom.development.js:25690:9)
    at performConcurrentWorkOnRoot (webpack-internal:///(app-pages-browser)/./node_modules/next/dist/compiled/react-dom/cjs/react-dom.development.js:24504:38)
    at workLoop (webpack-internal:///(app-pages-browser)/./node_modules/next/dist/compiled/scheduler/cjs/scheduler.development.js:256:34)
    at flushWork (webpack-internal:///(app-pages-browser)/./node_modules/next/dist/compiled/scheduler/cjs/scheduler.development.js:225:14)
    at MessagePort.performWorkUntilDeadline (webpack-internal:///(app-pages-browser)/./node_modules/next/dist/compiled/scheduler/cjs/scheduler.development.js:534:21)
[    7967ms] Error: Text content does not match server-rendered HTML.
See more info here: https://nextjs.org/docs/messages/react-hydration-error
    at checkForUnmatchedText (webpack-internal:///(app-pages-browser)/./node_modules/next/dist/compiled/react-dom/cjs/react-dom.development.js:32797:11)
    at diffHydratedProperties (webpack-internal:///(app-pages-browser)/./node_modules/next/dist/compiled/react-dom/cjs/react-dom.development.js:35055:9)
    at hydrateInstance (webpack-internal:///(app-pages-browser)/./node_modules/next/dist/compiled/react-dom/cjs/react-dom.development.js:36127:3)
    at prepareToHydrateHostInstance (webpack-internal:///(app-pages-browser)/./node_modules/next/dist/compiled/react-dom/cjs/react-dom.development.js:7246:3)
    at completeWork (webpack-internal:///(app-pages-browser)/./node_modules/next/dist/compiled/react-dom/cjs/react-dom.development.js:19769:13)
    at completeUnitOfWork (webpack-internal:///(app-pages-browser)/./node_modules/next/dist/compiled/react-dom/cjs/react-dom.development.js:25963:14)
    at performUnitOfWork (webpack-internal:///(app-pages-browser)/./node_modules/next/dist/compiled/react-dom/cjs/react-dom.development.js:25759:5)
    at workLoopConcurrent (webpack-internal:///(app-pages-browser)/./node_modules/next/dist/compiled/react-dom/cjs/react-dom.development.js:25734:5)
    at renderRootConcurrent (webpack-internal:///(app-pages-browser)/./node_modules/next/dist/compiled/react-dom/cjs/react-dom.development.js:25690:9)
    at performConcurrentWorkOnRoot (webpack-internal:///(app-pages-browser)/./node_modules/next/dist/compiled/react-dom/cjs/react-dom.development.js:24504:38)
    at workLoop (webpack-internal:///(app-pages-browser)/./node_modules/next/dist/compiled/scheduler/cjs/scheduler.development.js:256:34)
    at flushWork (webpack-internal:///(app-pages-browser)/./node_modules/next/dist/compiled/scheduler/cjs/scheduler.development.js:225:14)
    at MessagePort.performWorkUntilDeadline (webpack-internal:///(app-pages-browser)/./node_modules/next/dist/compiled/scheduler/cjs/scheduler.development.js:534:21)
[    7967ms] Error: Text content does not match server-rendered HTML.
See more info here: https://nextjs.org/docs/messages/react-hydration-error
    at checkForUnmatchedText (webpack-internal:///(app-pages-browser)/./node_modules/next/dist/compiled/react-dom/cjs/react-dom.development.js:32797:11)
    at diffHydratedProperties (webpack-internal:///(app-pages-browser)/./node_modules/next/dist/compiled/react-dom/cjs/react-dom.development.js:35055:9)
    at hydrateInstance (webpack-internal:///(app-pages-browser)/./node_modules/next/dist/compiled/react-dom/cjs/react-dom.development.js:36127:3)
    at prepareToHydrateHostInstance (webpack-internal:///(app-pages-browser)/./node_modules/next/dist/compiled/react-dom/cjs/react-dom.development.js:7246:3)
    at completeWork (webpack-internal:///(app-pages-browser)/./node_modules/next/dist/compiled/react-dom/cjs/react-dom.development.js:19769:13)
    at completeUnitOfWork (webpack-internal:///(app-pages-browser)/./node_modules/next/dist/compiled/react-dom/cjs/react-dom.development.js:25963:14)
    at performUnitOfWork (webpack-internal:///(app-pages-browser)/./node_modules/next/dist/compiled/react-dom/cjs/react-dom.development.js:25759:5)
    at workLoopConcurrent (webpack-internal:///(app-pages-browser)/./node_modules/next/dist/compiled/react-dom/cjs/react-dom.development.js:25734:5)
    at renderRootConcurrent (webpack-internal:///(app-pages-browser)/./node_modules/next/dist/compiled/react-dom/cjs/react-dom.development.js:25690:9)
    at performConcurrentWorkOnRoot (webpack-internal:///(app-pages-browser)/./node_modules/next/dist/compiled/react-dom/cjs/react-dom.development.js:24504:38)
    at workLoop (webpack-internal:///(app-pages-browser)/./node_modules/next/dist/compiled/scheduler/cjs/scheduler.development.js:256:34)
    at flushWork (webpack-internal:///(app-pages-browser)/./node_modules/next/dist/compiled/scheduler/cjs/scheduler.development.js:225:14)
    at MessagePort.performWorkUntilDeadline (webpack-internal:///(app-pages-browser)/./node_modules/next/dist/compiled/scheduler/cjs/scheduler.development.js:534:21)
[    7967ms] Error: Text content does not match server-rendered HTML.
See more info here: https://nextjs.org/docs/messages/react-hydration-error
    at checkForUnmatchedText (webpack-internal:///(app-pages-browser)/./node_modules/next/dist/compiled/react-dom/cjs/react-dom.development.js:32797:11)
    at diffHydratedProperties (webpack-internal:///(app-pages-browser)/./node_modules/next/dist/compiled/react-dom/cjs/react-dom.development.js:35055:9)
    at hydrateInstance (webpack-internal:///(app-pages-browser)/./node_modules/next/dist/compiled/react-dom/cjs/react-dom.development.js:36127:3)
    at prepareToHydrateHostInstance (webpack-internal:///(app-pages-browser)/./node_modules/next/dist/compiled/react-dom/cjs/react-dom.development.js:7246:3)
    at completeWork (webpack-internal:///(app-pages-browser)/./node_modules/next/dist/compiled/react-dom/cjs/react-dom.development.js:19769:13)
    at completeUnitOfWork (webpack-internal:///(app-pages-browser)/./node_modules/next/dist/compiled/react-dom/cjs/react-dom.development.js:25963:14)
    at performUnitOfWork (webpack-internal:///(app-pages-browser)/./node_modules/next/dist/compiled/react-dom/cjs/react-dom.development.js:25759:5)
    at workLoopConcurrent (webpack-internal:///(app-pages-browser)/./node_modules/next/dist/compiled/react-dom/cjs/react-dom.development.js:25734:5)
    at renderRootConcurrent (webpack-internal:///(app-pages-browser)/./node_modules/next/dist/compiled/react-dom/cjs/react-dom.development.js:25690:9)
    at performConcurrentWorkOnRoot (webpack-internal:///(app-pages-browser)/./node_modules/next/dist/compiled/react-dom/cjs/react-dom.development.js:24504:38)
    at workLoop (webpack-internal:///(app-pages-browser)/./node_modules/next/dist/compiled/scheduler/cjs/scheduler.development.js:256:34)
    at flushWork (webpack-internal:///(app-pages-browser)/./node_modules/next/dist/compiled/scheduler/cjs/scheduler.development.js:225:14)
    at MessagePort.performWorkUntilDeadline (webpack-internal:///(app-pages-browser)/./node_modules/next/dist/compiled/scheduler/cjs/scheduler.development.js:534:21)
[    7967ms] Error: Text content does not match server-rendered HTML.
See more info here: https://nextjs.org/docs/messages/react-hydration-error
    at checkForUnmatchedText (webpack-internal:///(app-pages-browser)/./node_modules/next/dist/compiled/react-dom/cjs/react-dom.development.js:32797:11)
    at diffHydratedProperties (webpack-internal:///(app-pages-browser)/./node_modules/next/dist/compiled/react-dom/cjs/react-dom.development.js:35055:9)
    at hydrateInstance (webpack-internal:///(app-pages-browser)/./node_modules/next/dist/compiled/react-dom/cjs/react-dom.development.js:36127:3)
    at prepareToHydrateHostInstance (webpack-internal:///(app-pages-browser)/./node_modules/next/dist/compiled/react-dom/cjs/react-dom.development.js:7246:3)
    at completeWork (webpack-internal:///(app-pages-browser)/./node_modules/next/dist/compiled/react-dom/cjs/react-dom.development.js:19769:13)
    at completeUnitOfWork (webpack-internal:///(app-pages-browser)/./node_modules/next/dist/compiled/react-dom/cjs/react-dom.development.js:25963:14)
    at performUnitOfWork (webpack-internal:///(app-pages-browser)/./node_modules/next/dist/compiled/react-dom/cjs/react-dom.development.js:25759:5)
    at workLoopConcurrent (webpack-internal:///(app-pages-browser)/./node_modules/next/dist/compiled/react-dom/cjs/react-dom.development.js:25734:5)
    at renderRootConcurrent (webpack-internal:///(app-pages-browser)/./node_modules/next/dist/compiled/react-dom/cjs/react-dom.development.js:25690:9)
    at performConcurrentWorkOnRoot (webpack-internal:///(app-pages-browser)/./node_modules/next/dist/compiled/react-dom/cjs/react-dom.development.js:24504:38)
    at workLoop (webpack-internal:///(app-pages-browser)/./node_modules/next/dist/compiled/scheduler/cjs/scheduler.development.js:256:34)
    at flushWork (webpack-internal:///(app-pages-browser)/./node_modules/next/dist/compiled/scheduler/cjs/scheduler.development.js:225:14)
    at MessagePort.performWorkUntilDeadline (webpack-internal:///(app-pages-browser)/./node_modules/next/dist/compiled/scheduler/cjs/scheduler.development.js:534:21)
[    7968ms] Error: There was an error while hydrating. Because the error happened outside of a Suspense boundary, the entire root will switch to client rendering.
See more info here: https://nextjs.org/docs/messages/react-hydration-error
    at updateHostRoot (webpack-internal:///(app-pages-browser)/./node_modules/next/dist/compiled/react-dom/cjs/react-dom.development.js:16571:57)
    at beginWork$1 (webpack-internal:///(app-pages-browser)/./node_modules/next/dist/compiled/react-dom/cjs/react-dom.development.js:18486:14)
    at beginWork (webpack-internal:///(app-pages-browser)/./node_modules/next/dist/compiled/react-dom/cjs/react-dom.development.js:26927:14)
    at performUnitOfWork (webpack-internal:///(app-pages-browser)/./node_modules/next/dist/compiled/react-dom/cjs/react-dom.development.js:25748:12)
    at workLoopSync (webpack-internal:///(app-pages-browser)/./node_modules/next/dist/compiled/react-dom/cjs/react-dom.development.js:25464:5)
    at renderRootSync (webpack-internal:///(app-pages-browser)/./node_modules/next/dist/compiled/react-dom/cjs/react-dom.development.js:25419:7)
    at recoverFromConcurrentError (webpack-internal:///(app-pages-browser)/./node_modules/next/dist/compiled/react-dom/cjs/react-dom.development.js:24597:20)
    at performConcurrentWorkOnRoot (webpack-internal:///(app-pages-browser)/./node_modules/next/dist/compiled/react-dom/cjs/react-dom.development.js:24542:26)
    at workLoop (webpack-internal:///(app-pages-browser)/./node_modules/next/dist/compiled/scheduler/cjs/scheduler.development.js:256:34)
    at flushWork (webpack-internal:///(app-pages-browser)/./node_modules/next/dist/compiled/scheduler/cjs/scheduler.development.js:225:14)
    at MessagePort.performWorkUntilDeadline (webpack-internal:///(app-pages-browser)/./node_modules/next/dist/compiled/scheduler/cjs/scheduler.development.js:534:21)
