[    6164ms] Error: Minified React error #425; visit https://react.dev/errors/425 for the full message or use the non-minified dev environment for full errors and additional helpful warnings.
    at sq (https://intheknowmx.com/_next/static/chunks/fd9d1056-3eee857bde8f3b06.js:1:146765)
    at co (https://intheknowmx.com/_next/static/chunks/fd9d1056-3eee857bde8f3b06.js:1:158779)
    at https://intheknowmx.com/_next/static/chunks/fd9d1056-3eee857bde8f3b06.js:1:99416
    at iu (https://intheknowmx.com/_next/static/chunks/fd9d1056-3eee857bde8f3b06.js:1:103867)
    at ia (https://intheknowmx.com/_next/static/chunks/fd9d1056-3eee857bde8f3b06.js:1:95223)
    at https://intheknowmx.com/_next/static/chunks/fd9d1056-3eee857bde8f3b06.js:1:91088
    at https://intheknowmx.com/_next/static/chunks/fd9d1056-3eee857bde8f3b06.js:1:91095
    at oZ (https://intheknowmx.com/_next/static/chunks/fd9d1056-3eee857bde8f3b06.js:1:91200)
    at MessagePort.M (https://intheknowmx.com/_next/static/chunks/117-e6f8effb6353785e.js:1:84770)
[    6167ms] Error: Minified React error #425; visit https://react.dev/errors/425 for the full message or use the non-minified dev environment for full errors and additional helpful warnings.
    at sq (https://intheknowmx.com/_next/static/chunks/fd9d1056-3eee857bde8f3b06.js:1:146765)
    at co (https://intheknowmx.com/_next/static/chunks/fd9d1056-3eee857bde8f3b06.js:1:158779)
    at https://intheknowmx.com/_next/static/chunks/fd9d1056-3eee857bde8f3b06.js:1:99416
    at iu (https://intheknowmx.com/_next/static/chunks/fd9d1056-3eee857bde8f3b06.js:1:103867)
    at ia (https://intheknowmx.com/_next/static/chunks/fd9d1056-3eee857bde8f3b06.js:1:95223)
    at https://intheknowmx.com/_next/static/chunks/fd9d1056-3eee857bde8f3b06.js:1:91088
    at https://intheknowmx.com/_next/static/chunks/fd9d1056-3eee857bde8f3b06.js:1:91095
    at oZ (https://intheknowmx.com/_next/static/chunks/fd9d1056-3eee857bde8f3b06.js:1:91200)
    at MessagePort.M (https://intheknowmx.com/_next/static/chunks/117-e6f8effb6353785e.js:1:84770)
[    6167ms] Error: Minified React error #425; visit https://react.dev/errors/425 for the full message or use the non-minified dev environment for full errors and additional helpful warnings.
    at sq (https://intheknowmx.com/_next/static/chunks/fd9d1056-3eee857bde8f3b06.js:1:146765)
    at co (https://intheknowmx.com/_next/static/chunks/fd9d1056-3eee857bde8f3b06.js:1:158779)
    at https://intheknowmx.com/_next/static/chunks/fd9d1056-3eee857bde8f3b06.js:1:99416
    at iu (https://intheknowmx.com/_next/static/chunks/fd9d1056-3eee857bde8f3b06.js:1:103867)
    at ia (https://intheknowmx.com/_next/static/chunks/fd9d1056-3eee857bde8f3b06.js:1:95223)
    at https://intheknowmx.com/_next/static/chunks/fd9d1056-3eee857bde8f3b06.js:1:91088
    at https://intheknowmx.com/_next/static/chunks/fd9d1056-3eee857bde8f3b06.js:1:91095
    at oZ (https://intheknowmx.com/_next/static/chunks/fd9d1056-3eee857bde8f3b06.js:1:91200)
    at MessagePort.M (https://intheknowmx.com/_next/static/chunks/117-e6f8effb6353785e.js:1:84770)
[    6167ms] Error: Minified React error #425; visit https://react.dev/errors/425 for the full message or use the non-minified dev environment for full errors and additional helpful warnings.
    at sq (https://intheknowmx.com/_next/static/chunks/fd9d1056-3eee857bde8f3b06.js:1:146765)
    at co (https://intheknowmx.com/_next/static/chunks/fd9d1056-3eee857bde8f3b06.js:1:158779)
    at https://intheknowmx.com/_next/static/chunks/fd9d1056-3eee857bde8f3b06.js:1:99416
    at iu (https://intheknowmx.com/_next/static/chunks/fd9d1056-3eee857bde8f3b06.js:1:103867)
    at ia (https://intheknowmx.com/_next/static/chunks/fd9d1056-3eee857bde8f3b06.js:1:95223)
    at https://intheknowmx.com/_next/static/chunks/fd9d1056-3eee857bde8f3b06.js:1:91088
    at https://intheknowmx.com/_next/static/chunks/fd9d1056-3eee857bde8f3b06.js:1:91095
    at oZ (https://intheknowmx.com/_next/static/chunks/fd9d1056-3eee857bde8f3b06.js:1:91200)
    at MessagePort.M (https://intheknowmx.com/_next/static/chunks/117-e6f8effb6353785e.js:1:84770)
[    6168ms] Error: Minified React error #418; visit https://react.dev/errors/418 for the full message or use the non-minified dev environment for full errors and additional helpful warnings.
    at t5 (https://intheknowmx.com/_next/static/chunks/fd9d1056-3eee857bde8f3b06.js:1:24670)
    at iZ (https://intheknowmx.com/_next/static/chunks/fd9d1056-3eee857bde8f3b06.js:1:120535)
    at ia (https://intheknowmx.com/_next/static/chunks/fd9d1056-3eee857bde8f3b06.js:1:95162)
    at https://intheknowmx.com/_next/static/chunks/fd9d1056-3eee857bde8f3b06.js:1:91088
    at https://intheknowmx.com/_next/static/chunks/fd9d1056-3eee857bde8f3b06.js:1:91095
    at oZ (https://intheknowmx.com/_next/static/chunks/fd9d1056-3eee857bde8f3b06.js:1:91200)
    at MessagePort.M (https://intheknowmx.com/_next/static/chunks/117-e6f8effb6353785e.js:1:84770)
[    6168ms] Error: Minified React error #423; visit https://react.dev/errors/423 for the full message or use the non-minified dev environment for full errors and additional helpful warnings.
    at iZ (https://intheknowmx.com/_next/static/chunks/fd9d1056-3eee857bde8f3b06.js:1:118349)
    at ia (https://intheknowmx.com/_next/static/chunks/fd9d1056-3eee857bde8f3b06.js:1:95162)
    at https://intheknowmx.com/_next/static/chunks/fd9d1056-3eee857bde8f3b06.js:1:94984
    at il (https://intheknowmx.com/_next/static/chunks/fd9d1056-3eee857bde8f3b06.js:1:94991)
    at oJ (https://intheknowmx.com/_next/static/chunks/fd9d1056-3eee857bde8f3b06.js:1:92347)
    at oZ (https://intheknowmx.com/_next/static/chunks/fd9d1056-3eee857bde8f3b06.js:1:91766)
    at MessagePort.M (https://intheknowmx.com/_next/static/chunks/117-e6f8effb6353785e.js:1:84770)
